##########################################
# (1) LINK INFORMATION                   #
##########################################
C:\Renesas\NC30WA\V530R02\bin\ln30.exe @F:\HEW_Workspaces\KaffeeOMat\KaffeeOMat\Debug\KaffeeOMat.m16cl

# OPTION FUNCTION SELECT REGISTER
.OFSREG  FFH

# LINK FILE INFORMATION
NCRT0 (F:\HEW_Workspaces\KaffeeOMat\KaffeeOMat\Debug\ncrt0.r30)
	Dec  5 18:33:58 2020

DCF77 (F:\HEW_Workspaces\KaffeeOMat\KaffeeOMat\Debug\dcf77.r30)
	Dec  5 18:33:54 2020

EXTERNAL_INTERRUPTS (F:\HEW_Workspaces\KaffeeOMat\KaffeeOMat\Debug\external_interrupts.r30)
	Dec  5 18:33:55 2020

GLOBALS (F:\HEW_Workspaces\KaffeeOMat\KaffeeOMat\Debug\globals.r30)
	Dec  5 18:33:53 2020

GRAPHIC (F:\HEW_Workspaces\KaffeeOMat\KaffeeOMat\Debug\graphic.r30)
	Dec  5 18:33:55 2020

MAIN_KAFEEOMAT (F:\HEW_Workspaces\KaffeeOMat\KaffeeOMat\Debug\main_kafeeomat.r30)
	Dec  5 18:33:58 2020

ST7920 (F:\HEW_Workspaces\KaffeeOMat\KaffeeOMat\Debug\ST7920.r30)
	Dec  5 18:33:56 2020

SW_VERS (F:\HEW_Workspaces\KaffeeOMat\KaffeeOMat\Debug\sw_vers.r30)
	Dec  5 18:33:56 2020

TIMER_IRQ (F:\HEW_Workspaces\KaffeeOMat\KaffeeOMat\Debug\timer_irq.r30)
	Dec  5 18:33:57 2020

UART1_FUNCTIONS (F:\HEW_Workspaces\KaffeeOMat\KaffeeOMat\Debug\uart1_functions.r30)
	Dec  5 18:33:57 2020

_I4DIVU (C:\Renesas\NC30WA\V530R02\lib30\r8clib.lib)
	Jan 13 13:58:43 2005

_I4MODU (C:\Renesas\NC30WA\V530R02\lib30\r8clib.lib)
	Jan 13 13:58:43 2005

_I4MULU (C:\Renesas\NC30WA\V530R02\lib30\r8clib.lib)
	Jan 13 13:58:43 2005


##########################################
# (2) SECTION INFORMATION                #
##########################################
# SECTION                        ATR TYPE    START  LENGTH ALIGN MODULENAME
data_SE                          ABS DATA    000400 000000       NCRT0
bss_SE                           REL DATA    000400 000000 2     NCRT0
data_SO                          REL DATA    000400 000000       NCRT0
bss_SO                           REL DATA    000400 000000       NCRT0
data_NE                          REL DATA    000400 000000 2     NCRT0
                                 REL DATA    000400 000018       MAIN_KAFEEOMAT
                                 REL DATA    000418 000008       SW_VERS
bss_NE                           REL DATA    000420 000000 2     NCRT0
                                 REL DATA    000420 000052       DCF77
                                 REL DATA    000472 000002       MAIN_KAFEEOMAT
                                 REL DATA    000474 000022       ST7920
data_NO                          REL DATA    000496 000000       NCRT0
                                 REL DATA    000496 000001       EXTERNAL_INTERRUPTS
                                 REL DATA    000497 000002       MAIN_KAFEEOMAT
                                 REL DATA    000499 000001       ST7920
                                 REL DATA    00049A 000001       UART1_FUNCTIONS
bss_NO                           REL DATA    00049B 000000       NCRT0
                                 REL DATA    00049B 000037       DCF77
stack                            REL DATA    0004D2 000100 2     NCRT0
heap                             REL DATA    0005D2 000000       NCRT0
rom_NE                           ABS ROMDATA 00C000 000000       NCRT0
rom_NO                           REL ROMDATA 00C000 000000       NCRT0
                                 REL ROMDATA 00C000 000064       MAIN_KAFEEOMAT
data_SEI                         REL ROMDATA 00C064 000000 2     NCRT0
data_SOI                         REL ROMDATA 00C064 000000       NCRT0
data_NEI                         REL ROMDATA 00C064 000000 2     NCRT0
                                 REL ROMDATA 00C064 000018       MAIN_KAFEEOMAT
                                 REL ROMDATA 00C07C 000008       SW_VERS
data_NOI                         REL ROMDATA 00C084 000000       NCRT0
                                 REL ROMDATA 00C084 000001       EXTERNAL_INTERRUPTS
                                 REL ROMDATA 00C085 000002       MAIN_KAFEEOMAT
                                 REL ROMDATA 00C087 000001       ST7920
                                 REL ROMDATA 00C088 000001       UART1_FUNCTIONS
switch_table                     REL ROMDATA 00C089 000000       NCRT0
program                          REL CODE    00C08A 000000 2     NCRT0
                                 REL CODE    00C08A 000DA4 2     DCF77
                                 REL CODE    00CE2E 0000C1 2     EXTERNAL_INTERRUPTS
                                 REL CODE    00CEF0 0000FA 2     GLOBALS
                                 REL CODE    00CFEA 0002A6 2     GRAPHIC
                                 REL CODE    00D290 0003AC 2     MAIN_KAFEEOMAT
                                 REL CODE    00D63C 000D7A 2     ST7920
                                 REL CODE    00E3B6 0000FB 2     TIMER_IRQ
                                 REL CODE    00E4B2 0005F3 2     UART1_FUNCTIONS
                                 REL CODE    00EAA6 00004D 2     _I4DIVU
                                 REL CODE    00EAF4 00004B 2     _I4MODU
                                 REL CODE    00EB40 00001C 2     _I4MULU
interrupt                        REL CODE    00EB5C 000000 2     NCRT0
                                 REL CODE    00EB5C 000095       NCRT0
vector                           ABS ROMDATA 00FEDC 000100       NCRT0
fvector                          ABS ROMDATA 00FFFC 000004       NCRT0
# Total -------------------------------------------------------------------
                                     DATA           0001D2(0000466) Byte(s)
                                     ROMDATA        00018D(0000397) Byte(s)
                                     CODE           002B67(0011111) Byte(s)

##########################################
# (3) GLOBAL LABEL INFORMATION           #
##########################################
$DataOut           00d750  $GLCD_Alternativ   00cfea  $GLCD_Circle       00d0a2
$GLCD_Line         00d1b6  $GLCD_Read         00d890  $GLCD_Rectangle    00d02e
$GLCD_SetCursor    00e376  $GLCD_SetPixel     00d9ae  $GLCD_VerticalOf   00dabe
$GLCD_WriteStrin   00daf4  $GLCD_WriteUINum   00db9e  $GLCD_WriteULNum   00de08
$GLCD_rawRead      00d804  $calcDDRAMaddres   00d650  $checkEven_Uneve   00d63c
$exit              00ebee  $f_b_check_dcf77   00c34c  $f_uc_check_dcf7   00c55a
$f_ui_calc_abs_t   00c08a  $f_vd_DCF77_init   00c172  $f_vd_sendTxd1     00e4b2
$positiveDiffere   00cf70  _B_SWITCH_OK       000498  _C_ENC_DELTA       000497
_DataIn            00d7a0  _Delay             00d6ba  _Extint_2_int      00cea2
_GLCD_ClearGFX     00d954  _GLCD_ClearTXT     00d942  _GLCD_CursorOff    00e39e
_GLCD_Init         00e2da  _GLCD_InitPorts    00d724  _GLCD_SetBasicMo   00d91a
_GLCD_SetExtende   00d92e  _GLCD_WaitBusy     00d884  _ST_DAY            0004bb
_ST_HOUR           0004b2  _ST_MINUTE         00049f  _ST_MONTH          0004c2
_ST_YEAR           0004c9  _SetDataInput      00d702  _SetDataOutput     00d6e0
_UC_DATE_DAY       0004d0  _UC_DATE_HOUR      0004ba  _UC_DATE_MINUTE    0004b9
_UC_DATE_MONTH     0004d1  _UC_DCF77_BIT_FI   000434  _UC_DCF77_EDGE     00049d
_UC_DCF77_FIELD_   00049e  _UC_DCF77_RECEIV   00049b  _UC_DCF77_STATE    00049c
_UI_CLOCK_DAY      000416  _UI_CLOCK_HOURS    000406  _UI_CLOCK_MINS     000408
_UI_CLOCK_MONTH    000414  _UI_CLOCK_SECS     00040a  _UI_CLOCK_YEAR     000412
_UI_DATE_YEAR      000470  _UI_ENC_VALUE      000472  _UI_STATE          000404
_UI_STATE_CHANGE   000410  _UL_DCF77_BIT_DI   000430  _UL_DCF77_BIT_DU   00042c
_UL_DCF77_FALLIN   000420  _UL_DCF77_PREVIO   000424  _UL_DCF77_RISING   000428
_UL_TIRQ_count1m   000400  _UL_int2_IRQ_tim   00040c  __i4divU           00eaa6
__i4modU           00eaf4  __i4mulU           00eb40  _dcf77_keyin0_ir   00cd06
_exit              00ebee  _f_b_check_dcf77   00c2e0  _f_uc_check_dcf7   00cb5e
_f_uc_dcf77_bit_   00c310  _f_uc_dcf77_get_   00c396  _f_uc_dcf77_get_   00c392
_f_uc_dcf77_get_   00c38e  _f_uc_dcf77_get_   00c39a  _f_uc_dcf77_get_   00c456
_f_uc_dcf77_get_   00c404  _f_uc_dcf77_get_   00c3a4  _f_uc_dcf77_get_   00c4a8
_f_uc_dcf77_get_   00c4ea  _f_uc_get_dcf77_   00c16e  _f_ui_calc_mins_   00c0b0
_f_ui_dcf77_get_   00c39e  _f_vd_DCF77_disa   00c2d8  _f_vd_DCF77_rese   00c158
_f_vd_ENCODER_RE   00ce60  _f_vd_EXTINTS_in   00ce2e  _f_vd_TIMERX_ini   00e3b6
_f_vd_TIMERY_ini   00e3ce  _f_vd_TIMERZ_ini   00e3f6  _f_vd_UART1_init   00e4ca
_f_vd_controller   00cf98  _f_vd_sendValues   00e4ee  _main              00d290
_mk_date           000418  _mk_time           00041c  _timerDifference   00cef0
_timer_1ms_irq     00e42c  dummy_int          00ebf0  start              00eb5c

##########################################
# (4) GLOBAL EQU SYMBOL INFORMATION      #
##########################################
__SB__           00000400  

##########################################
# (5) GLOBAL EQU BIT-SYMBOL INFORMATION  #
##########################################

##########################################
# (6) LOCAL LABEL INFORMATION            #
##########################################
@ NCRT0 ( F:\HEW_Workspaces\KaffeeOMat\KaffeeOMat\Debug\ncrt0.r30 )
@ DCF77 ( F:\HEW_Workspaces\KaffeeOMat\KaffeeOMat\Debug\dcf77.r30 )
@ EXTERNAL_INTERRUPTS ( F:\HEW_Workspaces\KaffeeOMat\KaffeeOMat\Debug\external_interrupts.r30 )
@ GLOBALS ( F:\HEW_Workspaces\KaffeeOMat\KaffeeOMat\Debug\globals.r30 )
@ GRAPHIC ( F:\HEW_Workspaces\KaffeeOMat\KaffeeOMat\Debug\graphic.r30 )
@ MAIN_KAFEEOMAT ( F:\HEW_Workspaces\KaffeeOMat\KaffeeOMat\Debug\main_kafeeomat.r30 )
@ ST7920 ( F:\HEW_Workspaces\KaffeeOMat\KaffeeOMat\Debug\ST7920.r30 )
@ SW_VERS ( F:\HEW_Workspaces\KaffeeOMat\KaffeeOMat\Debug\sw_vers.r30 )
@ TIMER_IRQ ( F:\HEW_Workspaces\KaffeeOMat\KaffeeOMat\Debug\timer_irq.r30 )
@ UART1_FUNCTIONS ( F:\HEW_Workspaces\KaffeeOMat\KaffeeOMat\Debug\uart1_functions.r30 )
@ _I4DIVU ( C:\Renesas\NC30WA\V530R02\lib30\r8clib.lib )
@ _I4MODU ( C:\Renesas\NC30WA\V530R02\lib30\r8clib.lib )
@ _I4MULU ( C:\Renesas\NC30WA\V530R02\lib30\r8clib.lib )

##########################################
# (7) LOCAL EQU SYMBOL INFORMATION       #
##########################################
@ NCRT0 ( F:\HEW_Workspaces\KaffeeOMat\KaffeeOMat\Debug\ncrt0.r30 )
@ DCF77 ( F:\HEW_Workspaces\KaffeeOMat\KaffeeOMat\Debug\dcf77.r30 )
@ EXTERNAL_INTERRUPTS ( F:\HEW_Workspaces\KaffeeOMat\KaffeeOMat\Debug\external_interrupts.r30 )
@ GLOBALS ( F:\HEW_Workspaces\KaffeeOMat\KaffeeOMat\Debug\globals.r30 )
@ GRAPHIC ( F:\HEW_Workspaces\KaffeeOMat\KaffeeOMat\Debug\graphic.r30 )
@ MAIN_KAFEEOMAT ( F:\HEW_Workspaces\KaffeeOMat\KaffeeOMat\Debug\main_kafeeomat.r30 )
@ ST7920 ( F:\HEW_Workspaces\KaffeeOMat\KaffeeOMat\Debug\ST7920.r30 )
@ SW_VERS ( F:\HEW_Workspaces\KaffeeOMat\KaffeeOMat\Debug\sw_vers.r30 )
@ TIMER_IRQ ( F:\HEW_Workspaces\KaffeeOMat\KaffeeOMat\Debug\timer_irq.r30 )
@ UART1_FUNCTIONS ( F:\HEW_Workspaces\KaffeeOMat\KaffeeOMat\Debug\uart1_functions.r30 )
@ _I4DIVU ( C:\Renesas\NC30WA\V530R02\lib30\r8clib.lib )
@ _I4MODU ( C:\Renesas\NC30WA\V530R02\lib30\r8clib.lib )
@ _I4MULU ( C:\Renesas\NC30WA\V530R02\lib30\r8clib.lib )

##########################################
# (8) LOCAL EQU BIT-SYMBOL INFORMATION   #
##########################################
@ NCRT0 ( F:\HEW_Workspaces\KaffeeOMat\KaffeeOMat\Debug\ncrt0.r30 )
@ DCF77 ( F:\HEW_Workspaces\KaffeeOMat\KaffeeOMat\Debug\dcf77.r30 )
@ EXTERNAL_INTERRUPTS ( F:\HEW_Workspaces\KaffeeOMat\KaffeeOMat\Debug\external_interrupts.r30 )
@ GLOBALS ( F:\HEW_Workspaces\KaffeeOMat\KaffeeOMat\Debug\globals.r30 )
@ GRAPHIC ( F:\HEW_Workspaces\KaffeeOMat\KaffeeOMat\Debug\graphic.r30 )
@ MAIN_KAFEEOMAT ( F:\HEW_Workspaces\KaffeeOMat\KaffeeOMat\Debug\main_kafeeomat.r30 )
@ ST7920 ( F:\HEW_Workspaces\KaffeeOMat\KaffeeOMat\Debug\ST7920.r30 )
@ SW_VERS ( F:\HEW_Workspaces\KaffeeOMat\KaffeeOMat\Debug\sw_vers.r30 )
@ TIMER_IRQ ( F:\HEW_Workspaces\KaffeeOMat\KaffeeOMat\Debug\timer_irq.r30 )
@ UART1_FUNCTIONS ( F:\HEW_Workspaces\KaffeeOMat\KaffeeOMat\Debug\uart1_functions.r30 )
@ _I4DIVU ( C:\Renesas\NC30WA\V530R02\lib30\r8clib.lib )
@ _I4MODU ( C:\Renesas\NC30WA\V530R02\lib30\r8clib.lib )
@ _I4MULU ( C:\Renesas\NC30WA\V530R02\lib30\r8clib.lib )

